workers-33
JOB=124522
98280 MiB, 0 %
EXAMPLE rows=288 key=(288, 7, 96) replay wall p50 20.17 ms | kernel time 19.59 ms | gaps 0.58 ms | kernels/replay 946
CATEGORIES GEMM=12.23 FLA=3.71 own=3.12 attn=0.32 other=0.21
KERN GEMM  nvjet_sm103_tst_192x144_64x6_2x2_2cta_h_bz_TNT                                            5.080 ms  n=  64  avg=   79.4 us
KERN GEMM  nvjet_sm103_tss_192x144_64x6_2x2_2cta_h_bz_NNT                                            3.211 ms  n=  80  avg=   40.1 us
KERN GEMM  nvjet_sm103_tst_128x144_64x8_2x2_2cta_h_bz_TNT                                            2.538 ms  n=  64  avg=   39.7 us
KERN GEMM  nvjet_sm103_tst_128x96_64x7_4x1_v_bz_TNT                                                  1.394 ms  n=  48  avg=   29.0 us
KERN own   void linattn_prep_map_k<4>(__nv_bfloat16 const*, int const*, __nv_bfloat16 const*, __nv_  1.255 ms  n=  48  avg=   26.1 us
KERN FLA   chunk_gated_delta_rule_fwd_kernel_h_blockdim64                                            1.204 ms  n=  48  avg=   25.1 us
KERN FLA   chunk_gated_delta_rule_fwd_kkt_solve_kernel                                               0.975 ms  n=  48  avg=   20.3 us
KERN FLA   chunk_fwd_kernel_o                                                                        0.844 ms  n=  48  avg=   17.6 us
KERN FLA   recompute_w_u_fwd_kernel                                                                  0.594 ms  n=  48  avg=   12.4 us
KERN own   silu_mul_k(__nv_bfloat16 const*, __nv_bfloat16*, int, long)                               0.531 ms  n=  64  avg=    8.3 us
KERN own   void add_rmsnorm_sk_k<float>(__nv_bfloat16 const*, float const*, int, long, float const*  0.517 ms  n=  80  avg=    6.5 us
KERN own   gated_rmsnorm_inv_k(__nv_bfloat16 const*, int const*, __nv_bfloat16 const*, __nv_bfloat1  0.367 ms  n=  48  avg=    7.6 us
KERN attn  cudnn_generated_fort_native_sdpa_sm100_flash_fprop_f16_knob_2_128x128x256_1x4x1_cga2x1x1  0.317 ms  n=  16  avg=   19.8 us
KERN own   add_rmsnorm_k(__nv_bfloat16 const*, __nv_bfloat16 const*, float const*, int const*, __nv  0.238 ms  n=  49  avg=    4.9 us
KERN own   fullattn_prep2_k(__nv_bfloat16 const*, float const*, float const*, __nv_bfloat16 const*,  0.139 ms  n=  16  avg=    8.7 us
KERN other void at::native::vectorized_elementwise_kernel<8, at::native::FillFunctor<c10::BFloat16>  0.120 ms  n=  80  avg=    1.5 us
KERN FLA   chunk_local_cumsum_scalar_kernel                                                          0.094 ms  n=  48  avg=    2.0 us
KERN own   gate_mul2_k(__nv_bfloat16 const*, __nv_bfloat16 const*, __nv_bfloat16*, int, int, int, l  0.070 ms  n=  16  avg=    4.4 us
KERN other void at::native::elementwise_kernel<128, 4, at::native::gpu_kernel_impl_nocast<at::nativ  0.065 ms  n=  16  avg=    4.1 us
KERN other void at::native::elementwise_kernel<128, 2, at::native::gpu_kernel_impl_nocast<at::nativ  0.006 ms  n=   3  avg=    1.9 us
KERN other void at::native::vectorized_gather_kernel<16, long>(char*, char*, long*, int, long, long  0.005 ms  n=   2  avg=    2.3 us
KERN other void at::native::elementwise_kernel<128, 4, at::native::gpu_kernel_impl<at::native::dire  0.003 ms  n=   1  avg=    3.3 us
KERN other void at::native::unrolled_elementwise_kernel<at::native::direct_copy_kernel_cuda(at::Ten  0.003 ms  n=   1  avg=    3.2 us
KERN other void at::native::(anonymous namespace)::CatArrayBatchedCopy<at::native::(anonymous names  0.003 ms  n=   1  avg=    3.0 us
KERN other void at::native::vectorized_elementwise_kernel<4, at::native::AUnaryFunctor<float, float  0.003 ms  n=   2  avg=    1.3 us
KERN other void at::native::vectorized_elementwise_kernel<8, at::native::bfloat16_copy_kernel_cuda(  0.003 ms  n=   2  avg=    1.3 us
KERN other void at::native::vectorized_elementwise_kernel<4, at::native::cos_kernel_cuda(at::Tensor  0.002 ms  n=   1  avg=    2.1 us
KERN GEMM  void reduce_1Block_kernel<float, 128, 7, cublasGemvTensorStridedBatched<float>, cublasGe  0.002 ms  n=   1  avg=    2.1 us
KERN other void at::native::vectorized_elementwise_kernel<4, at::native::sin_kernel_cuda(at::Tensor  0.002 ms  n=   1  avg=    2.0 us
KERN GEMM  void dot_kernel<float, 128, 0, cublasDotParams<cublasGemvTensorStridedBatched<float cons  0.002 ms  n=   1  avg=    2.0 us
=== PROF EXAMPLE DONE ===
98280 MiB, 0 %
exit
exit=0
