EXAMPLE rows=288 key=(288, 7, 96) replay wall p50 17.40 ms | kernel time 16.06 ms | gaps 1.35 ms | kernels/replay 642
CATEGORIES GEMM=11.81 own=4.21 other=0.03
KERN GEMM  nvjet_sm103_tst_192x144_64x6_2x2_2cta_h_bz_TNT                                            5.189 ms  n=  64  avg=   81.1 us
KERN GEMM  nvjet_sm103_tss_192x144_64x6_2x2_2cta_h_bz_NNT                                            4.091 ms  n= 128  avg=   32.0 us
KERN GEMM  nvjet_sm103_tst_128x144_64x8_2x2_2cta_h_bz_TNT                                            2.526 ms  n=  64  avg=   39.5 us
KERN own   gdn::gdn_fused6_k(__nv_bfloat16 const*, __nv_bfloat16 const*, __nv_bfloat16 const*, floa  1.832 ms  n=  48  avg=   38.2 us
KERN own   void add_rmsnorm_sk2_k<2>(__nv_bfloat16 const*, float const*, long, float const*, int co  0.615 ms  n= 128  avg=    4.8 us
KERN own   void linattn_prep_dedup2_k<1>(__nv_bfloat16 const*, int4 const*, int const*, int const*,  0.600 ms  n=  48  avg=   12.5 us
KERN own   silu_mul_lut_k(__nv_bfloat16 const*, unsigned short const*, __nv_bfloat16*, int, long)    0.506 ms  n=  64  avg=    7.9 us
KERN own   gated_rmsnorm_inv2_k(__nv_bfloat16 const*, int const*, __nv_bfloat16 const*, __nv_bfloat  0.302 ms  n=  48  avg=    6.3 us
KERN own   void fattn::fattn_k<3>(__nv_bfloat16 const*, __nv_bfloat16 const*, __nv_bfloat16 const*,  0.209 ms  n=  16  avg=   13.1 us
KERN own   fullattn_prep2_k(__nv_bfloat16 const*, float const*, float const*, __nv_bfloat16 const*,  0.144 ms  n=  16  avg=    9.0 us
KERN other void at::native::elementwise_kernel<128, 2, at::native::gpu_kernel_impl_nocast<at::nativ  0.006 ms  n=   3  avg=    1.9 us
KERN other void at::native::vectorized_gather_kernel<16, long>(char*, char*, long*, int, long, long  0.005 ms  n=   2  avg=    2.4 us
KERN other void at::native::elementwise_kernel<128, 4, at::native::gpu_kernel_impl<at::native::dire  0.004 ms  n=   1  avg=    4.0 us
KERN own   add_rmsnorm_k(__nv_bfloat16 const*, __nv_bfloat16 const*, float const*, int const*, __nv  0.004 ms  n=   1  avg=    3.9 us
KERN other void at::native::unrolled_elementwise_kernel<at::native::direct_copy_kernel_cuda(at::Ten  0.004 ms  n=   1  avg=    3.7 us
KERN other void at::native::(anonymous namespace)::CatArrayBatchedCopy<at::native::(anonymous names  0.003 ms  n=   1  avg=    3.3 us
KERN other void at::native::vectorized_elementwise_kernel<8, at::native::bfloat16_copy_kernel_cuda(  0.003 ms  n=   2  avg=    1.3 us
KERN other void at::native::vectorized_elementwise_kernel<4, at::native::AUnaryFunctor<float, float  0.003 ms  n=   2  avg=    1.3 us
KERN GEMM  void reduce_1Block_kernel<float, 128, 7, cublasGemvTensorStridedBatched<float>, cublasGe  0.003 ms  n=   1  avg=    2.5 us
KERN GEMM  void dot_kernel<float, 128, 0, cublasDotParams<cublasGemvTensorStridedBatched<float cons  0.002 ms  n=   1  avg=    2.2 us
KERN other void at::native::vectorized_elementwise_kernel<4, at::native::cos_kernel_cuda(at::Tensor  0.002 ms  n=   1  avg=    2.1 us
KERN other void at::native::vectorized_elementwise_kernel<4, at::native::sin_kernel_cuda(at::Tensor  0.002 ms  n=   1  avg=    2.0 us
KERN GEMM  _bmm_outer_product_kernel                                                                 0.002 ms  n=   1  avg=    1.8 us
